Component: ARM Compiler 5.05 (build 41) Tool: armlink [4d0eb9]

==============================================================================

Section Cross References

    main.o(i.advertising_init) refers to rt_memclr.o(.text) for __aeabi_memclr4
    main.o(i.advertising_init) refers to ble_advdata.o(i.ble_advdata_set) for ble_advdata_set
    main.o(i.advertising_init) refers to app_error.o(i.app_error_handler) for app_error_handler
    main.o(i.advertising_init) refers to main.o(.constdata) for .constdata
    main.o(i.advertising_init) refers to main.o(.bss) for m_adv_params
    main.o(i.advertising_init_beacon) refers to rt_memclr.o(.text) for __aeabi_memclr4
    main.o(i.advertising_init_beacon) refers to ble_advdata.o(i.ble_advdata_set) for ble_advdata_set
    main.o(i.advertising_init_beacon) refers to app_error.o(i.app_error_handler) for app_error_handler
    main.o(i.advertising_init_beacon) refers to main.o(.data) for m_beacon_info
    main.o(i.advertising_init_beacon) refers to main.o(.bss) for m_adv_params
    main.o(i.advertising_start) refers to pstorage.o(i.pstorage_access_status_get) for pstorage_access_status_get
    main.o(i.advertising_start) refers to app_error.o(i.app_error_handler) for app_error_handler
    main.o(i.advertising_start) refers to bsp.o(i.bsp_indication_set) for bsp_indication_set
    main.o(i.advertising_start) refers to main.o(.data) for m_memory_access_in_progress
    main.o(i.advertising_start) refers to main.o(.bss) for m_adv_params
    main.o(i.application_timers_start) refers to app_timer.o(i.app_timer_start) for app_timer_start
    main.o(i.application_timers_start) refers to app_error.o(i.app_error_handler) for app_error_handler
    main.o(i.application_timers_start) refers to main.o(.data) for m_battery_timer_id
    main.o(i.assert_nrf_callback) refers to app_error.o(i.app_error_handler) for app_error_handler
    main.o(i.battery_level_meas_timeout_handler) refers to main.o(i.battery_level_update) for battery_level_update
    main.o(i.battery_level_update) refers to ble_sensorsim.o(i.ble_sensorsim_measure) for ble_sensorsim_measure
    main.o(i.battery_level_update) refers to ble_bas.o(i.ble_bas_battery_level_update) for ble_bas_battery_level_update
    main.o(i.battery_level_update) refers to app_error.o(i.app_error_handler) for app_error_handler
    main.o(i.battery_level_update) refers to main.o(.bss) for m_battery_sim_cfg
    main.o(i.battery_level_update) refers to main.o(.data) for m_battery_sim_state
    main.o(i.ble_evt_dispatch) refers to device_manager_peripheral.o(i.dm_ble_evt_handler) for dm_ble_evt_handler
    main.o(i.ble_evt_dispatch) refers to ble_hrs.o(i.ble_hrs_on_ble_evt) for ble_hrs_on_ble_evt
    main.o(i.ble_evt_dispatch) refers to ble_bas.o(i.ble_bas_on_ble_evt) for ble_bas_on_ble_evt
    main.o(i.ble_evt_dispatch) refers to ble_conn_params.o(i.ble_conn_params_on_ble_evt) for ble_conn_params_on_ble_evt
    main.o(i.ble_evt_dispatch) refers to main.o(i.on_ble_evt) for on_ble_evt
    main.o(i.ble_evt_dispatch) refers to main.o(.bss) for m_hrs
    main.o(i.ble_stack_init) refers to softdevice_handler.o(i.softdevice_handler_init) for softdevice_handler_init
    main.o(i.ble_stack_init) refers to app_error.o(i.app_error_handler) for app_error_handler
    main.o(i.ble_stack_init) refers to softdevice_handler.o(i.softdevice_ble_evt_handler_set) for softdevice_ble_evt_handler_set
    main.o(i.ble_stack_init) refers to softdevice_handler.o(i.softdevice_sys_evt_handler_set) for softdevice_sys_evt_handler_set
    main.o(i.ble_stack_init) refers to main.o(.bss) for BLE_EVT_BUFFER
    main.o(i.ble_stack_init) refers to main.o(i.ble_evt_dispatch) for ble_evt_dispatch
    main.o(i.ble_stack_init) refers to main.o(i.sys_evt_dispatch) for sys_evt_dispatch
    main.o(i.conn_params_error_handler) refers to app_error.o(i.app_error_handler) for app_error_handler
    main.o(i.conn_params_init) refers to rt_memclr.o(.text) for __aeabi_memclr4
    main.o(i.conn_params_init) refers to ble_conn_params.o(i.ble_conn_params_init) for ble_conn_params_init
    main.o(i.conn_params_init) refers to app_error.o(i.app_error_handler) for app_error_handler
    main.o(i.conn_params_init) refers to main.o(.bss) for m_hrs
    main.o(i.conn_params_init) refers to main.o(i.on_conn_params_evt) for on_conn_params_evt
    main.o(i.conn_params_init) refers to main.o(i.conn_params_error_handler) for conn_params_error_handler
    main.o(i.device_manager_evt_handler) refers to app_error.o(i.app_error_handler) for app_error_handler
    main.o(i.device_manager_init) refers to pstorage.o(i.pstorage_init) for pstorage_init
    main.o(i.device_manager_init) refers to app_error.o(i.app_error_handler) for app_error_handler
    main.o(i.device_manager_init) refers to bsp.o(i.bsp_button_is_pressed) for bsp_button_is_pressed
    main.o(i.device_manager_init) refers to device_manager_peripheral.o(i.dm_init) for dm_init
[...]
    i.conn_params_init                       0x00018a58   Section        0  main.o(i.conn_params_init)
    conn_params_init                         0x00018a59   Thumb Code    90  main.o(i.conn_params_init)
    i.conn_params_negotiation                0x00018ac0   Section        0  ble_conn_params.o(i.conn_params_negotiation)
    conn_params_negotiation                  0x00018ac1   Thumb Code   126  ble_conn_params.o(i.conn_params_negotiation)
    i.connection_instance_find               0x00018b54   Section        0  device_manager_peripheral.o(i.connection_instance_find)
    connection_instance_find                 0x00018b55   Thumb Code    64  device_manager_peripheral.o(i.connection_instance_find)
    i.connection_instance_init               0x00018b9c   Section        0  device_manager_peripheral.o(i.connection_instance_init)
    connection_instance_init                 0x00018b9d   Thumb Code    50  device_manager_peripheral.o(i.connection_instance_init)
    i.current_int_priority_get               0x00018bd4   Section        0  app_timer.o(i.current_int_priority_get)
    current_int_priority_get                 0x00018bd5   Thumb Code    84  app_timer.o(i.current_int_priority_get)
    i.detection_delay_timeout_handler        0x00018c30   Section        0  app_button.o(i.detection_delay_timeout_handler)
    detection_delay_timeout_handler          0x00018c31   Thumb Code   144  app_button.o(i.detection_delay_timeout_handler)
    i.device_context_store                   0x00018cd0   Section        0  device_manager_peripheral.o(i.device_context_store)
    device_context_store                     0x00018cd1   Thumb Code   172  device_manager_peripheral.o(i.device_context_store)
    i.device_instance_allocate               0x00018da0   Section        0  device_manager_peripheral.o(i.device_instance_allocate)
    device_instance_allocate                 0x00018da1   Thumb Code   116  device_manager_peripheral.o(i.device_instance_allocate)
    i.device_instance_find                   0x00018e1c   Section        0  device_manager_peripheral.o(i.device_instance_find)
    device_instance_find                     0x00018e1d   Thumb Code    82  device_manager_peripheral.o(i.device_instance_find)
    i.device_manager_evt_handler             0x00018e74   Section        0  main.o(i.device_manager_evt_handler)
    device_manager_evt_handler               0x00018e75   Thumb Code    40  main.o(i.device_manager_evt_handler)
    i.device_manager_init                    0x00018e9c   Section        0  main.o(i.device_manager_init)
    device_manager_init                      0x00018e9d   Thumb Code   220  main.o(i.device_manager_init)
    i.dm_ble_evt_handler                     0x00018f80   Section        0  device_manager_peripheral.o(i.dm_ble_evt_handler)
    i.dm_handle_initialize                   0x000194a8   Section        0  device_manager_peripheral.o(i.dm_handle_initialize)
    i.dm_init                                0x000194c4   Section        0  device_manager_peripheral.o(i.dm_init)
    i.dm_pstorage_cb_handler                 0x000195c4   Section        0  device_manager_peripheral.o(i.dm_pstorage_cb_handler)
    dm_pstorage_cb_handler                   0x000195c5   Thumb Code   454  device_manager_peripheral.o(i.dm_pstorage_cb_handler)
    i.dm_register                            0x000197a8   Section        0  device_manager_peripheral.o(i.dm_register)
    i.elapsed_ticks_acquire                  0x0001981c   Section        0  app_timer.o(i.elapsed_ticks_acquire)
    elapsed_ticks_acquire                    0x0001981d   Thumb Code    82  app_timer.o(i.elapsed_ticks_acquire)
    i.expired_timers_handler                 0x00019880   Section        0  app_timer.o(i.expired_timers_handler)
    expired_timers_handler                   0x00019881   Thumb Code   100  app_timer.o(i.expired_timers_handler)
    i.gap_params_init                        0x000198ec   Section        0  main.o(i.gap_params_init)
    gap_params_init                          0x000198ed   Thumb Code   154  main.o(i.gap_params_init)
    i.gattc_context_apply                    0x00019998   Section        0  device_manager_peripheral.o(i.gattc_context_apply)
    gattc_context_apply                      0x00019999   Thumb Code     6  device_manager_peripheral.o(i.gattc_context_apply)
    i.gattc_context_load                     0x0001999e   Section        0  device_manager_peripheral.o(i.gattc_context_load)
    gattc_context_load                       0x0001999f   Thumb Code     6  device_manager_peripheral.o(i.gattc_context_load)
    i.gattc_context_store                    0x000199a4   Section        0  device_manager_peripheral.o(i.gattc_context_store)
    gattc_context_store                      0x000199a5   Thumb Code     6  device_manager_peripheral.o(i.gattc_context_store)
    i.gatts_context_apply                    0x000199ac   Section        0  device_manager_peripheral.o(i.gatts_context_apply)
    gatts_context_apply                      0x000199ad   Thumb Code   116  device_manager_peripheral.o(i.gatts_context_apply)
    i.gatts_context_load                     0x00019a2c   Section        0  device_manager_peripheral.o(i.gatts_context_load)
    gatts_context_load                       0x00019a2d   Thumb Code    64  device_manager_peripheral.o(i.gatts_context_load)
    i.gatts_context_store                    0x00019a70   Section        0  device_manager_peripheral.o(i.gatts_context_store)
    gatts_context_store                      0x00019a71   Thumb Code   184  device_manager_peripheral.o(i.gatts_context_store)
    i.gattsc_context_apply                   0x00019b38   Section        0  device_manager_peripheral.o(i.gattsc_context_apply)
    gattsc_context_apply                     0x00019b39   Thumb Code    26  device_manager_peripheral.o(i.gattsc_context_apply)
    i.gattsc_context_load                    0x00019b52   Section        0  device_manager_peripheral.o(i.gattsc_context_load)
    gattsc_context_load                      0x00019b53   Thumb Code    30  device_manager_peripheral.o(i.gattsc_context_load)
    i.gattsc_context_store                   0x00019b70   Section        0  device_manager_peripheral.o(i.gattsc_context_store)
    gattsc_context_store                     0x00019b71   Thumb Code    30  device_manager_peripheral.o(i.gattsc_context_store)
    i.gpiote_event_handler                   0x00019b90   Section        0  app_button.o(i.gpiote_event_handler)
    gpiote_event_handler                     0x00019b91   Thumb Code    52  app_button.o(i.gpiote_event_handler)
    i.heart_rate_meas_timeout_handler        0x00019bd0   Section        0  main.o(i.heart_rate_meas_timeout_handler)
    heart_rate_meas_timeout_handler          0x00019bd1   Thumb Code    94  main.o(i.heart_rate_meas_timeout_handler)
    i.heart_rate_measurement_char_add        0x00019c4c   Section        0  ble_hrs.o(i.heart_rate_measurement_char_add)
    heart_rate_measurement_char_add          0x00019c4d   Thumb Code   234  ble_hrs.o(i.heart_rate_measurement_char_add)
    i.hrm_encode                             0x00019d3c   Section        0  ble_hrs.o(i.hrm_encode)
    hrm_encode                               0x00019d3d   Thumb Code   186  ble_hrs.o(i.hrm_encode)
    i.intern_softdevice_events_execute       0x00019df8   Section        0  softdevice_handler.o(i.intern_softdevice_events_execute)
    i.is_conn_params_ok                      0x00019eb4   Section        0  ble_conn_params.o(i.is_conn_params_ok)
    is_conn_params_ok                        0x00019eb5   Thumb Code    30  ble_conn_params.o(i.is_conn_params_ok)
    i.is_disabled_in_debug_needed            0x00019ed8   Section        0  system_nrf51.o(i.is_disabled_in_debug_needed)
    is_disabled_in_debug_needed              0x00019ed9   Thumb Code    52  system_nrf51.o(i.is_disabled_in_debug_needed)
    i.is_manual_peripheral_setup_needed      0x00019f10   Section        0  system_nrf51.o(i.is_manual_peripheral_setup_needed)
    is_manual_peripheral_setup_needed        0x00019f11   Thumb Code   104  system_nrf51.o(i.is_manual_peripheral_setup_needed)
    i.is_word_aligned                        0x00019f7c   Section        0  pstorage.o(i.is_word_aligned)
    is_word_aligned                          0x00019f7d   Thumb Code    18  pstorage.o(i.is_word_aligned)
    i.leds_timer_handler                     0x00019f90   Section        0  bsp.o(i.leds_timer_handler)
    leds_timer_handler                       0x00019f91   Thumb Code    26  bsp.o(i.leds_timer_handler)
    i.list_deletions_handler                 0x00019fb4   Section        0  app_timer.o(i.list_deletions_handler)
    list_deletions_handler                   0x00019fb5   Thumb Code   176  app_timer.o(i.list_deletions_handler)
    i.list_insertions_handler                0x0001a074   Section        0  app_timer.o(i.list_insertions_handler)
    list_insertions_handler                  0x0001a075   Thumb Code   276  app_timer.o(i.list_insertions_handler)
    i.main                                   0x0001a1a4   Section        0  main.o(i.main)
    i.manuf_specific_data_encode             0x0001a228   Section        0  ble_advdata.o(i.manuf_specific_data_encode)
    manuf_specific_data_encode               0x0001a229   Thumb Code   106  ble_advdata.o(i.manuf_specific_data_encode)
    i.name_encode                            0x0001a292   Section        0  ble_advdata.o(i.name_encode)
    name_encode                              0x0001a293   Thumb Code   150  ble_advdata.o(i.name_encode)
    i.no_service_context_apply               0x0001a328   Section        0  device_manager_peripheral.o(i.no_service_context_apply)
    no_service_context_apply                 0x0001a329   Thumb Code     6  device_manager_peripheral.o(i.no_service_context_apply)
    i.no_service_context_load                0x0001a32e   Section        0  device_manager_peripheral.o(i.no_service_context_load)
    no_service_context_load                  0x0001a32f   Thumb Code     6  device_manager_peripheral.o(i.no_service_context_load)
    i.no_service_context_store               0x0001a334   Section        0  device_manager_peripheral.o(i.no_service_context_store)
    no_service_context_store                 0x0001a335   Thumb Code     6  device_manager_peripheral.o(i.no_service_context_store)
    i.on_ble_evt                             0x0001a33c   Section        0  main.o(i.on_ble_evt)
    on_ble_evt                               0x0001a33d   Thumb Code   270  main.o(i.on_ble_evt)
    i.on_conn_params_evt                     0x0001a454   Section        0  main.o(i.on_conn_params_evt)
    on_conn_params_evt                       0x0001a455   Thumb Code    46  main.o(i.on_conn_params_evt)
    i.on_conn_params_update                  0x0001a488   Section        0  ble_conn_params.o(i.on_conn_params_update)
    on_conn_params_update                    0x0001a489   Thumb Code    20  ble_conn_params.o(i.on_conn_params_update)
    i.on_connect                             0x0001a4a0   Section        0  ble_conn_params.o(i.on_connect)
    on_connect                               0x0001a4a1   Thumb Code    42  ble_conn_params.o(i.on_connect)
    i.on_connect                             0x0001a4dc   Section        0  ble_bas.o(i.on_connect)
    on_connect                               0x0001a4dd   Thumb Code     6  ble_bas.o(i.on_connect)
    i.on_connect                             0x0001a4e2   Section        0  ble_hrs.o(i.on_connect)
    on_connect                               0x0001a4e3   Thumb Code     6  ble_hrs.o(i.on_connect)
    i.on_cts_high                            0x0001a4e8   Section        0  app_uart_fifo.o(i.on_cts_high)
    on_cts_high                              0x0001a4e9   Thumb Code    36  app_uart_fifo.o(i.on_cts_high)
    i.on_cts_low                             0x0001a510   Section        0  app_uart_fifo.o(i.on_cts_low)
    on_cts_low                               0x0001a511   Thumb Code    68  app_uart_fifo.o(i.on_cts_low)
    i.on_disconnect                          0x0001a564   Section        0  ble_conn_params.o(i.on_disconnect)
    on_disconnect                            0x0001a565   Thumb Code    50  ble_conn_params.o(i.on_disconnect)
    i.on_disconnect                          0x0001a5a8   Section        0  ble_bas.o(i.on_disconnect)
    on_disconnect                            0x0001a5a9   Thumb Code     8  ble_bas.o(i.on_disconnect)
    i.on_disconnect                          0x0001a5b0   Section        0  ble_hrs.o(i.on_disconnect)
    on_disconnect                            0x0001a5b1   Thumb Code     8  ble_hrs.o(i.on_disconnect)
    i.on_hrm_cccd_write                      0x0001a5b8   Section        0  ble_hrs.o(i.on_hrm_cccd_write)
    on_hrm_cccd_write                        0x0001a5b9   Thumb Code    62  ble_hrs.o(i.on_hrm_cccd_write)
    i.on_sys_evt                             0x0001a5f8   Section        0  main.o(i.on_sys_evt)
    on_sys_evt                               0x0001a5f9   Thumb Code    42  main.o(i.on_sys_evt)
    i.on_tx_ready                            0x0001a628   Section        0  app_uart_fifo.o(i.on_tx_ready)
    on_tx_ready                              0x0001a629   Thumb Code    38  app_uart_fifo.o(i.on_tx_ready)
    i.on_uart_close                          0x0001a654   Section        0  app_uart_fifo.o(i.on_uart_close)
    on_uart_close                            0x0001a655   Thumb Code     8  app_uart_fifo.o(i.on_uart_close)
    i.on_uart_event                          0x0001a65c   Section        0  app_uart_fifo.o(i.on_uart_event)
    on_uart_event                            0x0001a65d   Thumb Code    54  app_uart_fifo.o(i.on_uart_event)
    i.on_uart_put                            0x0001a694   Section        0  app_uart_fifo.o(i.on_uart_put)
    on_uart_put                              0x0001a695   Thumb Code    16  app_uart_fifo.o(i.on_uart_put)
    i.on_write                               0x0001a6a8   Section        0  ble_conn_params.o(i.on_write)
    on_write                                 0x0001a6a9   Thumb Code    84  ble_conn_params.o(i.on_write)
    i.on_write                               0x0001a704   Section        0  ble_bas.o(i.on_write)
    on_write                                 0x0001a705   Thumb Code    80  ble_bas.o(i.on_write)
    i.on_write                               0x0001a754   Section        0  ble_hrs.o(i.on_write)
    on_write                                 0x0001a755   Thumb Code    26  ble_hrs.o(i.on_write)
    i.peer_instance_init                     0x0001a770   Section        0  device_manager_peripheral.o(i.peer_instance_init)
    peer_instance_init                       0x0001a771   Thumb Code    76  device_manager_peripheral.o(i.peer_instance_init)
    i.pins_sense_disable                     0x0001a7c0   Section        0  app_gpiote.o(i.pins_sense_disable)
    pins_sense_disable                       0x0001a7c1   Thumb Code    98  app_gpiote.o(i.pins_sense_disable)
    i.pnp_id_encode                          0x0001a828   Section        0  ble_dis.o(i.pnp_id_encode)
    pnp_id_encode                            0x0001a829   Thumb Code   158  ble_dis.o(i.pnp_id_encode)
    i.power_manage                           0x0001a8c6   Section        0  main.o(i.power_manage)
    power_manage                             0x0001a8c7   Thumb Code    32  main.o(i.power_manage)
    i.pstorage_access_status_get             0x0001a8e8   Section        0  pstorage.o(i.pstorage_access_status_get)
    i.pstorage_block_identifier_get          0x0001a914   Section        0  pstorage.o(i.pstorage_block_identifier_get)
    i.pstorage_clear                         0x0001a9a4   Section        0  pstorage.o(i.pstorage_clear)
    i.pstorage_init                          0x0001aa54   Section        0  pstorage.o(i.pstorage_init)
    i.pstorage_load                          0x0001ab38   Section        0  pstorage.o(i.pstorage_load)
    i.pstorage_register                      0x0001ac24   Section        0  pstorage.o(i.pstorage_register)
    i.pstorage_store                         0x0001ada4   Section        0  pstorage.o(i.pstorage_store)
    i.pstorage_sys_event_handler             0x0001ae78   Section        0  pstorage.o(i.pstorage_sys_event_handler)
    i.pstorage_update                        0x0001afd0   Section        0  pstorage.o(i.pstorage_update)
    i.rr_interval_timeout_handler            0x0001b0a4   Section        0  main.o(i.rr_interval_timeout_handler)
    rr_interval_timeout_handler              0x0001b0a5   Thumb Code    34  main.o(i.rr_interval_timeout_handler)
    i.rtc1_counter_get                       0x0001b0d8   Section        0  app_timer.o(i.rtc1_counter_get)
    rtc1_counter_get                         0x0001b0d9   Thumb Code     6  app_timer.o(i.rtc1_counter_get)
    i.rtc1_init                              0x0001b0e4   Section        0  app_timer.o(i.rtc1_init)
    rtc1_init                                0x0001b0e5   Thumb Code    18  app_timer.o(i.rtc1_init)
    i.rtc1_start                             0x0001b0fc   Section        0  app_timer.o(i.rtc1_start)
    rtc1_start                               0x0001b0fd   Thumb Code    48  app_timer.o(i.rtc1_start)
    i.rtc1_stop                              0x0001b138   Section        0  app_timer.o(i.rtc1_stop)
    rtc1_stop                                0x0001b139   Thumb Code    66  app_timer.o(i.rtc1_stop)
    i.sense_level_toggle                     0x0001b190   Section        0  app_gpiote.o(i.sense_level_toggle)
    sense_level_toggle                       0x0001b191   Thumb Code   128  app_gpiote.o(i.sense_level_toggle)
    i.sensor_contact_detected_timeout_handler 0x0001b210   Section        0  main.o(i.sensor_contact_detected_timeout_handler)
    sensor_contact_detected_timeout_handler  0x0001b211   Thumb Code    28  main.o(i.sensor_contact_detected_timeout_handler)
    i.sensor_sim_init                        0x0001b234   Section        0  main.o(i.sensor_sim_init)
    sensor_sim_init                          0x0001b235   Thumb Code    78  main.o(i.sensor_sim_init)
    i.service_data_encode                    0x0001b29c   Section        0  ble_advdata.o(i.service_data_encode)
    service_data_encode                      0x0001b29d   Thumb Code   140  ble_advdata.o(i.service_data_encode)
    i.services_init                          0x0001b328   Section        0  main.o(i.services_init)
    services_init                            0x0001b329   Thumb Code   492  main.o(i.services_init)
    i.softdevice_assertion_handler           0x0001b530   Section        0  softdevice_handler.o(i.softdevice_assertion_handler)
    i.softdevice_ble_evt_handler_set         0x0001b544   Section        0  softdevice_handler.o(i.softdevice_ble_evt_handler_set)
    i.softdevice_handler_init                0x0001b55c   Section        0  softdevice_handler.o(i.softdevice_handler_init)
    i.softdevice_sys_evt_handler_set         0x0001b5c4   Section        0  softdevice_handler.o(i.softdevice_sys_evt_handler_set)
    i.srdata_check                           0x0001b5dc   Section        0  ble_advdata.o(i.srdata_check)
    srdata_check                             0x0001b5dd   Thumb Code    16  ble_advdata.o(i.srdata_check)
    i.storage_operation_dummy_handler        0x0001b5ec   Section        0  device_manager_peripheral.o(i.storage_operation_dummy_handler)
    storage_operation_dummy_handler          0x0001b5ed   Thumb Code     8  device_manager_peripheral.o(i.storage_operation_dummy_handler)
    i.swap_state_process                     0x0001b5f4   Section        0  pstorage.o(i.swap_state_process)
    swap_state_process                       0x0001b5f5   Thumb Code   578  pstorage.o(i.swap_state_process)
    i.sys_evt_dispatch                       0x0001b840   Section        0  main.o(i.sys_evt_dispatch)
    sys_evt_dispatch                         0x0001b841   Thumb Code    18  main.o(i.sys_evt_dispatch)
    i.sys_id_encode                          0x0001b852   Section        0  ble_dis.o(i.sys_id_encode)
    sys_id_encode                            0x0001b853   Thumb Code   164  ble_dis.o(i.sys_id_encode)
    i.ticks_diff_get                         0x0001b8f6   Section        0  app_timer.o(i.ticks_diff_get)
    ticks_diff_get                           0x0001b8f7   Thumb Code    10  app_timer.o(i.ticks_diff_get)
    i.timeout_handler_exec                   0x0001b900   Section        0  app_timer.o(i.timeout_handler_exec)
    timeout_handler_exec                     0x0001b901   Thumb Code    58  app_timer.o(i.timeout_handler_exec)
    i.timer_list_handler                     0x0001b940   Section        0  app_timer.o(i.timer_list_handler)
    timer_list_handler                       0x0001b941   Thumb Code    76  app_timer.o(i.timer_list_handler)
    i.timer_list_handler_sched               0x0001b998   Section        0  app_timer.o(i.timer_list_handler_sched)
    timer_list_handler_sched                 0x0001b999   Thumb Code    10  app_timer.o(i.timer_list_handler_sched)
    i.timer_list_insert                      0x0001b9a4   Section        0  app_timer.o(i.timer_list_insert)
    timer_list_insert                        0x0001b9a5   Thumb Code   212  app_timer.o(i.timer_list_insert)
    i.timer_list_remove                      0x0001ba80   Section        0  app_timer.o(i.timer_list_remove)
    timer_list_remove                        0x0001ba81   Thumb Code   184  app_timer.o(i.timer_list_remove)
    i.timer_start_op_schedule                0x0001bb4c   Section        0  app_timer.o(i.timer_start_op_schedule)
    timer_start_op_schedule                  0x0001bb4d   Thumb Code    80  app_timer.o(i.timer_start_op_schedule)
    i.timer_stop_op_schedule                 0x0001bba0   Section        0  app_timer.o(i.timer_stop_op_schedule)
    timer_stop_op_schedule                   0x0001bba1   Thumb Code    58  app_timer.o(i.timer_stop_op_schedule)
    i.timer_timeouts_check                   0x0001bbe0   Section        0  app_timer.o(i.timer_timeouts_check)
    timer_timeouts_check                     0x0001bbe1   Thumb Code   132  app_timer.o(i.timer_timeouts_check)
    i.timer_timeouts_check_sched             0x0001bc7c   Section        0  app_timer.o(i.timer_timeouts_check_sched)
    timer_timeouts_check_sched               0x0001bc7d   Thumb Code    10  app_timer.o(i.timer_timeouts_check_sched)
    i.timers_init                            0x0001bc88   Section        0  main.o(i.timers_init)
    timers_init                              0x0001bc89   Thumb Code   192  main.o(i.timers_init)
    i.tx_power_level_encode                  0x0001bd6c   Section        0  ble_advdata.o(i.tx_power_level_encode)
    tx_power_level_encode                    0x0001bd6d   Thumb Code    48  ble_advdata.o(i.tx_power_level_encode)
    i.uint16_encode                          0x0001bd9c   Section        0  ble_advdata.o(i.uint16_encode)
    uint16_encode                            0x0001bd9d   Thumb Code    18  ble_advdata.o(i.uint16_encode)
    i.uint16_encode                          0x0001bdae   Section        0  ble_dis.o(i.uint16_encode)
    uint16_encode                            0x0001bdaf   Thumb Code    18  ble_dis.o(i.uint16_encode)
    i.uint16_encode                          0x0001bdc0   Section        0  ble_hrs.o(i.uint16_encode)
    uint16_encode                            0x0001bdc1   Thumb Code    18  ble_hrs.o(i.uint16_encode)
    i.uint8_array_encode                     0x0001bdd2   Section        0  ble_advdata.o(i.uint8_array_encode)
    uint8_array_encode                       0x0001bdd3   Thumb Code    82  ble_advdata.o(i.uint8_array_encode)
    i.update_status_bit_reset                0x0001be24   Section        0  device_manager_peripheral.o(i.update_status_bit_reset)
    update_status_bit_reset                  0x0001be25   Thumb Code    16  device_manager_peripheral.o(i.update_status_bit_reset)
    i.update_timeout_handler                 0x0001be38   Section        0  ble_conn_params.o(i.update_timeout_handler)
    update_timeout_handler                   0x0001be39   Thumb Code   136  ble_conn_params.o(i.update_timeout_handler)
    i.user_id_get                            0x0001bed4   Section        0  app_timer.o(i.user_id_get)
    user_id_get                              0x0001bed5   Thumb Code    34  app_timer.o(i.user_id_get)
    i.user_op_alloc                          0x0001bef6   Section        0  app_timer.o(i.user_op_alloc)
    user_op_alloc                            0x0001bef7   Thumb Code    44  app_timer.o(i.user_op_alloc)
    i.user_op_enque                          0x0001bf22   Section        0  app_timer.o(i.user_op_enque)
    user_op_enque                            0x0001bf23   Thumb Code     4  app_timer.o(i.user_op_enque)
    i.uuid_list_encode                       0x0001bf26   Section        0  ble_advdata.o(i.uuid_list_encode)
    uuid_list_encode                         0x0001bf27   Thumb Code    64  ble_advdata.o(i.uuid_list_encode)
    i.uuid_list_sized_encode                 0x0001bf66   Section        0  ble_advdata.o(i.uuid_list_sized_encode)
    uuid_list_sized_encode                   0x0001bf67   Thumb Code   196  ble_advdata.o(i.uuid_list_sized_encode)
    .constdata                               0x0001c02c   Section       12  main.o(.constdata)
    .constdata                               0x0001c038   Section       48  bsp.o(.constdata)
    m_buttons_list                           0x0001c038   Data          16  bsp.o(.constdata)
    app_buttons                              0x0001c048   Data          32  bsp.o(.constdata)
    .constdata                               0x0001c068   Section       52  device_manager_peripheral.o(.constdata)
    .data                                    0x20002000   Section       77  main.o(.data)
    m_beacon_info                            0x20002000   Data          23  main.o(.data)
    m_conn_handle                            0x20002018   Data           2  main.o(.data)
    m_rr_interval_enabled                    0x2000201a   Data           1  main.o(.data)
    m_battery_sim_state                      0x2000201c   Data           8  main.o(.data)
    m_heart_rate_sim_state                   0x20002024   Data           8  main.o(.data)
    m_rr_interval_sim_state                  0x2000202c   Data           8  main.o(.data)
    m_battery_timer_id                       0x20002034   Data           4  main.o(.data)
    m_heart_rate_timer_id                    0x20002038   Data           4  main.o(.data)
    m_rr_interval_timer_id                   0x2000203c   Data           4  main.o(.data)
    m_sensor_contact_timer_id                0x20002040   Data           4  main.o(.data)
    m_app_handle                             0x20002044   Data           1  main.o(.data)
    m_memory_access_in_progress              0x20002045   Data           1  main.o(.data)
    cnt                                      0x20002048   Data           4  main.o(.data)
    sensor_contact_detected                  0x2000204c   Data           1  main.o(.data)
    .data                                    0x20002050   Section       28  bsp.o(.data)
    m_stable_state                           0x20002050   Data           1  bsp.o(.data)
    m_app_ticks_per_100ms                    0x20002054   Data           4  bsp.o(.data)
    m_indication_type                        0x20002058   Data           4  bsp.o(.data)
    m_leds_timer_id                          0x2000205c   Data           4  bsp.o(.data)
    m_alert_timer_id                         0x20002060   Data           4  bsp.o(.data)
    m_registered_callback                    0x20002064   Data           4  bsp.o(.data)
    m_events_list                            0x20002068   Data           4  bsp.o(.data)
    .data                                    0x2000206c   Section        4  system_nrf51.o(.data)
    __tagsym$$used                           0x2000206c   Number         0  system_nrf51.o(.data)
    .data                                    0x20002070   Section       25  ble_conn_params.o(.data)
    m_preferred_conn_params                  0x20002070   Data           8  ble_conn_params.o(.data)
    m_update_count                           0x20002078   Data           1  ble_conn_params.o(.data)
    m_conn_handle                            0x2000207a   Data           2  ble_conn_params.o(.data)
    m_current_conn_params                    0x2000207c   Data           8  ble_conn_params.o(.data)
    m_conn_params_timer_id                   0x20002084   Data           4  ble_conn_params.o(.data)
    m_change_param                           0x20002088   Data           1  ble_conn_params.o(.data)
    .data                                    0x2000208c   Section       20  device_manager_peripheral.o(.data)
    m_storage_handle                         0x2000208c   Data           8  device_manager_peripheral.o(.data)
    m_peer_addr_update                       0x20002094   Data           4  device_manager_peripheral.o(.data)
    m_module_initialized                     0x20002098   Data           1  device_manager_peripheral.o(.data)
    m_irk_index_table                        0x20002099   Data           7  device_manager_peripheral.o(.data)
    .data                                    0x200020a0   Section       74  ble_dis.o(.data)
    service_handle                           0x200020a0   Data           2  ble_dis.o(.data)
    manufact_name_handles                    0x200020a2   Data           8  ble_dis.o(.data)
    model_num_handles                        0x200020aa   Data           8  ble_dis.o(.data)
    serial_num_handles                       0x200020b2   Data           8  ble_dis.o(.data)
    hw_rev_handles                           0x200020ba   Data           8  ble_dis.o(.data)
    fw_rev_handles                           0x200020c2   Data           8  ble_dis.o(.data)
    sw_rev_handles                           0x200020ca   Data           8  ble_dis.o(.data)
    sys_id_handles                           0x200020d2   Data           8  ble_dis.o(.data)
    reg_cert_data_list_handles               0x200020da   Data           8  ble_dis.o(.data)
    pnp_id_handles                           0x200020e2   Data           8  ble_dis.o(.data)
    .data                                    0x200020ec   Section       13  app_uart_fifo.o(.data)
    m_instance_counter                       0x200020ec   Data           1  app_uart_fifo.o(.data)
    m_gpiote_uid                             0x200020ed   Data           1  app_uart_fifo.o(.data)
    m_pin_cts_mask                           0x200020f0   Data           4  app_uart_fifo.o(.data)
    m_event_handler                          0x200020f4   Data           4  app_uart_fifo.o(.data)
    m_current_state                          0x200020f8   Data           1  app_uart_fifo.o(.data)
    .data                                    0x200020fc   Section       12  pstorage.o(.data)
    m_next_app_instance                      0x200020fc   Data           2  pstorage.o(.data)
    m_next_page_addr                         0x20002100   Data           4  pstorage.o(.data)
    m_round_val                              0x20002104   Data           2  pstorage.o(.data)
    m_module_initialized                     0x20002106   Data           1  pstorage.o(.data)
    m_swap_state                             0x20002107   Data           1  pstorage.o(.data)
    .data                                    0x20002108   Section       32  app_button.o(.data)
    mp_buttons                               0x20002108   Data           4  app_button.o(.data)
    m_button_count                           0x2000210c   Data           1  app_button.o(.data)
    m_detection_delay                        0x20002110   Data           4  app_button.o(.data)
    m_evt_schedule_func                      0x20002114   Data           4  app_button.o(.data)
    m_gpiote_user_id                         0x20002118   Data           1  app_button.o(.data)
    m_detection_delay_timer_id               0x2000211c   Data           4  app_button.o(.data)
    m_pin_transition                         0x20002120   Data           8  app_button.o(.data)
    .data                                    0x20002128   Section       12  app_gpiote.o(.data)
    m_enabled_users_mask                     0x20002128   Data           4  app_gpiote.o(.data)
    m_user_array_size                        0x2000212c   Data           1  app_gpiote.o(.data)
    m_user_count                             0x2000212d   Data           1  app_gpiote.o(.data)
    mp_users                                 0x20002130   Data           4  app_gpiote.o(.data)
    .data                                    0x20002134   Section       42  app_timer.o(.data)
    m_node_array_size                        0x20002134   Data           1  app_timer.o(.data)
    mp_nodes                                 0x20002138   Data           4  app_timer.o(.data)
    m_user_array_size                        0x2000213c   Data           1  app_timer.o(.data)
    mp_users                                 0x20002140   Data           4  app_timer.o(.data)
    m_timer_id_head                          0x20002144   Data           4  app_timer.o(.data)
    m_ticks_latest                           0x20002148   Data           4  app_timer.o(.data)
    m_ticks_elapsed                          0x2000214c   Data           8  app_timer.o(.data)
    m_ticks_elapsed_q_read_ind               0x20002154   Data           1  app_timer.o(.data)
    m_ticks_elapsed_q_write_ind              0x20002155   Data           1  app_timer.o(.data)
    m_evt_schedule_func                      0x20002158   Data           4  app_timer.o(.data)
    m_rtc1_running                           0x2000215c   Data           1  app_timer.o(.data)
    m_rtc1_reset                             0x2000215d   Data           1  app_timer.o(.data)
    .data                                    0x20002160   Section       24  softdevice_handler.o(.data)
    m_evt_schedule_func                      0x20002160   Data           4  softdevice_handler.o(.data)
    m_softdevice_enabled                     0x20002164   Data           1  softdevice_handler.o(.data)
    mp_ble_evt_buffer                        0x20002168   Data           4  softdevice_handler.o(.data)
    m_ble_evt_buffer_size                    0x2000216c   Data           2  softdevice_handler.o(.data)
    m_ble_evt_handler                        0x20002170   Data           4  softdevice_handler.o(.data)
    m_sys_evt_handler                        0x20002174   Data           4  softdevice_handler.o(.data)
    .bss                                     0x20002178   Section     1048  main.o(.bss)
    m_adv_params                             0x20002178   Data          20  main.o(.bss)
    m_bas                                    0x2000218c   Data          24  main.o(.bss)
    m_hrs                                    0x200021a4   Data          80  main.o(.bss)
    m_battery_sim_cfg                        0x200021f4   Data          16  main.o(.bss)
    m_heart_rate_sim_cfg                     0x20002204   Data          16  main.o(.bss)
    m_rr_interval_sim_cfg                    0x20002214   Data          16  main.o(.bss)
    APP_TIMER_BUF                            0x20002224   Data         776  main.o(.bss)
    BLE_EVT_BUFFER                           0x2000252c   Data          80  main.o(.bss)
    app_gpiote_buf                           0x2000257c   Data          20  main.o(.bss)
    .bss                                     0x20002590   Section       28  ble_conn_params.o(.bss)
    m_conn_params_config                     0x20002590   Data          28  ble_conn_params.o(.bss)
    .bss                                     0x200025ac   Section      268  device_manager_peripheral.o(.bss)
    m_peer_table                             0x200025ac   Data         196  device_manager_peripheral.o(.bss)
    m_bond_table                             0x20002670   Data          24  device_manager_peripheral.o(.bss)
    m_gatts_table                            0x20002688   Data          24  device_manager_peripheral.o(.bss)
    m_connection_table                       0x200026a0   Data          12  device_manager_peripheral.o(.bss)
    m_application_table                      0x200026ac   Data          12  device_manager_peripheral.o(.bss)
    .bss                                     0x200026b8   Section       32  app_uart_fifo.o(.bss)
    m_rx_fifo                                0x200026b8   Data          16  app_uart_fifo.o(.bss)
    m_tx_fifo                                0x200026c8   Data          16  app_uart_fifo.o(.bss)
    .bss                                     0x200026d8   Section      220  pstorage.o(.bss)
    m_cmd_queue                              0x200026d8   Data         204  pstorage.o(.bss)
    m_app_table                              0x200027a4   Data          16  pstorage.o(.bss)
    .bss                                     0x200027b4   Section       96  libspace.o(.bss)
    HEAP                                     0x20002818   Section     2048  arm_startup_nrf51.o(HEAP)
    Heap_Mem                                 0x20002818   Data        2048  arm_startup_nrf51.o(HEAP)
    STACK                                    0x20003018   Section     2048  arm_startup_nrf51.o(STACK)
    Stack_Mem                                0x20003018   Data        2048  arm_startup_nrf51.o(STACK)
    __initial_sp                             0x20003818   Data           0  arm_startup_nrf51.o(STACK)

    Global Symbols

    Symbol Name                              Value     Ov Type        Size  Object(Section)

    BuildAttributes$$THM_ISAv3M$S$PE$A:L22$X:L11$S22$IEEE1$IW$USESV6$~STKCKD$USESV7$~SHL$OSPACE$ROPI$EBA8$UX$STANDARDLIB$REQ8$PRES8$EABIv2 0x00000000   Number         0  anon$$obj.o ABSOLUTE
    __ARM_use_no_argv                        0x00000000   Number         0  main.o ABSOLUTE
    __ARM_exceptions_init                     - Undefined Weak Reference
    __alloca_initialize                       - Undefined Weak Reference
    __arm_preinit_                            - Undefined Weak Reference
    __cpp_initialize__aeabi_                  - Undefined Weak Reference
    __cxa_finalize                            - Undefined Weak Reference
    __rt_locale                               - Undefined Weak Reference
    __sigvec_lookup                           - Undefined Weak Reference
    _atexit_init                              - Undefined Weak Reference
    _call_atexit_fns                          - Undefined Weak Reference
    _clock_init                               - Undefined Weak Reference
    _fp_trap_init                             - Undefined Weak Reference
    _fp_trap_shutdown                         - Undefined Weak Reference
    _get_lc_collate                           - Undefined Weak Reference
    _get_lc_ctype                             - Undefined Weak Reference
    _get_lc_monetary                          - Undefined Weak Reference
    _get_lc_numeric                           - Undefined Weak Reference
    _get_lc_time                              - Undefined Weak Reference
    _getenv_init                              - Undefined Weak Reference
    _handle_redirection                       - Undefined Weak Reference
    _init_alloc                               - Undefined Weak Reference
    _init_user_alloc                          - Undefined Weak Reference
    _initio                                   - Undefined Weak Reference
    _rand_init                                - Undefined Weak Reference
    _signal_finish                            - Undefined Weak Reference
    _signal_init                              - Undefined Weak Reference
    _terminate_alloc                          - Undefined Weak Reference
    _terminate_user_alloc                     - Undefined Weak Reference
    _terminateio                              - Undefined Weak Reference
    __Vectors_Size                           0x000000c0   Number         0  arm_startup_nrf51.o ABSOLUTE
    __Vectors                                0x00016000   Data           4  arm_startup_nrf51.o(RESET)
    __Vectors_End                            0x000160c0   Data           0  arm_startup_nrf51.o(RESET)
    __main                                   0x000160c1   Thumb Code     8  __main.o(!!!main)
    __scatterload                            0x000160c9   Thumb Code     0  __scatter.o(!!!scatter)
    __scatterload_rt2                        0x000160c9   Thumb Code    52  __scatter.o(!!!scatter)
    __scatterload_rt2_thumb_only             0x000160c9   Thumb Code     0  __scatter.o(!!!scatter)
    __scatterload_null                       0x000160d9   Thumb Code     0  __scatter.o(!!!scatter)
    __scatterload_zeroinit                   0x00016105   Thumb Code    28  __scatter_zi.o(!!handler_zi)
    __rt_lib_init                            0x00016121   Thumb Code     0  libinit.o(.ARM.Collect$$libinit$$00000000)
    __rt_lib_init_alloca_1                   0x00016123   Thumb Code     0  libinit2.o(.ARM.Collect$$libinit$$0000002E)
    __rt_lib_init_argv_1                     0x00016123   Thumb Code     0  libinit2.o(.ARM.Collect$$libinit$$0000002C)
    __rt_lib_init_atexit_1                   0x00016123   Thumb Code     0  libinit2.o(.ARM.Collect$$libinit$$0000001B)
    __rt_lib_init_clock_1                    0x00016123   Thumb Code     0  libinit2.o(.ARM.Collect$$libinit$$00000021)
    __rt_lib_init_cpp_1                      0x00016123   Thumb Code     0  libinit2.o(.ARM.Collect$$libinit$$00000032)
    __rt_lib_init_exceptions_1               0x00016123   Thumb Code     0  libinit2.o(.ARM.Collect$$libinit$$00000030)
    __rt_lib_init_fp_1                       0x00016123   Thumb Code     0  libinit2.o(.ARM.Collect$$libinit$$00000002)
    __rt_lib_init_fp_trap_1                  0x00016123   Thumb Code     0  libinit2.o(.ARM.Collect$$libinit$$0000001F)
    __rt_lib_init_getenv_1                   0x00016123   Thumb Code     0  libinit2.o(.ARM.Collect$$libinit$$00000023)
    __rt_lib_init_heap_1                     0x00016123   Thumb Code     0  libinit2.o(.ARM.Collect$$libinit$$0000000A)
    __rt_lib_init_lc_collate_1               0x00016123   Thumb Code     0  libinit2.o(.ARM.Collect$$libinit$$00000011)
    __rt_lib_init_lc_ctype_1                 0x00016123   Thumb Code     0  libinit2.o(.ARM.Collect$$libinit$$00000013)
    __rt_lib_init_lc_monetary_1              0x00016123   Thumb Code     0  libinit2.o(.ARM.Collect$$libinit$$00000015)
    __rt_lib_init_lc_numeric_1               0x00016123   Thumb Code     0  libinit2.o(.ARM.Collect$$libinit$$00000017)
    __rt_lib_init_lc_time_1                  0x00016123   Thumb Code     0  libinit2.o(.ARM.Collect$$libinit$$00000019)
    __rt_lib_init_preinit_1                  0x00016123   Thumb Code     0  libinit2.o(.ARM.Collect$$libinit$$00000004)
    __rt_lib_init_rand_1                     0x00016123   Thumb Code     0  libinit2.o(.ARM.Collect$$libinit$$0000000E)
    __rt_lib_init_return                     0x00016123   Thumb Code     0  libinit2.o(.ARM.Collect$$libinit$$00000033)
    __rt_lib_init_signal_1                   0x00016123   Thumb Code     0  libinit2.o(.ARM.Collect$$libinit$$0000001D)
    __rt_lib_init_stdio_1                    0x00016123   Thumb Code     0  libinit2.o(.ARM.Collect$$libinit$$00000025)
    __rt_lib_init_user_alloc_1               0x00016123   Thumb Code     0  libinit2.o(.ARM.Collect$$libinit$$0000000C)
    __rt_lib_shutdown                        0x00016125   Thumb Code     0  libshutdown.o(.ARM.Collect$$libshutdown$$00000000)
    __rt_lib_shutdown_fp_trap_1              0x00016127   Thumb Code     0  libshutdown2.o(.ARM.Collect$$libshutdown$$00000006)
    __rt_lib_shutdown_heap_1                 0x00016127   Thumb Code     0  libshutdown2.o(.ARM.Collect$$libshutdown$$0000000E)
    __rt_lib_shutdown_return                 0x00016127   Thumb Code     0  libshutdown2.o(.ARM.Collect$$libshutdown$$0000000F)
    __rt_lib_shutdown_signal_1               0x00016127   Thumb Code     0  libshutdown2.o(.ARM.Collect$$libshutdown$$00000009)
    __rt_lib_shutdown_stdio_1                0x00016127   Thumb Code     0  libshutdown2.o(.ARM.Collect$$libshutdown$$00000003)
    __rt_lib_shutdown_user_alloc_1           0x00016127   Thumb Code     0  libshutdown2.o(.ARM.Collect$$libshutdown$$0000000B)
    __rt_entry                               0x00016129   Thumb Code     0  __rtentry.o(.ARM.Collect$$rtentry$$00000000)
    __rt_entry_presh_1                       0x00016129   Thumb Code     0  __rtentry2.o(.ARM.Collect$$rtentry$$00000002)
    __rt_entry_sh                            0x00016129   Thumb Code     0  __rtentry4.o(.ARM.Collect$$rtentry$$00000004)
    __rt_entry_li                            0x0001612f   Thumb Code     0  __rtentry2.o(.ARM.Collect$$rtentry$$0000000A)
    __rt_entry_postsh_1                      0x0001612f   Thumb Code     0  __rtentry2.o(.ARM.Collect$$rtentry$$00000009)
    __rt_entry_main                          0x00016133   Thumb Code     0  __rtentry2.o(.ARM.Collect$$rtentry$$0000000D)
    __rt_entry_postli_1                      0x00016133   Thumb Code     0  __rtentry2.o(.ARM.Collect$$rtentry$$0000000C)
    __rt_exit                                0x0001613b   Thumb Code     0  rtexit.o(.ARM.Collect$$rtexit$$00000000)
    __rt_exit_ls                             0x0001613d   Thumb Code     0  rtexit2.o(.ARM.Collect$$rtexit$$00000003)
    __rt_exit_prels_1                        0x0001613d   Thumb Code     0  rtexit2.o(.ARM.Collect$$rtexit$$00000002)
    __rt_exit_exit                           0x00016141   Thumb Code     0  rtexit2.o(.ARM.Collect$$rtexit$$00000004)
    __asm___11_app_timer_c_cd27f9c3__nrf_delay_us 0x00016149   Thumb Code    30  app_timer.o(.emb_text)
    __aeabi_memcpy4                          0x00016169   Thumb Code    56  rt_memcpy.o(.emb_text)
    __aeabi_memcpy8                          0x00016169   Thumb Code     0  rt_memcpy.o(.emb_text)
    Reset_Handler                            0x000161a1   Thumb Code    26  arm_startup_nrf51.o(.text)
    NMI_Handler                              0x000161bb   Thumb Code     2  arm_startup_nrf51.o(.text)
    HardFault_Handler                        0x000161bd   Thumb Code     2  arm_startup_nrf51.o(.text)
    SVC_Handler                              0x000161bf   Thumb Code     2  arm_startup_nrf51.o(.text)
    PendSV_Handler                           0x000161c1   Thumb Code     2  arm_startup_nrf51.o(.text)
    SysTick_Handler                          0x000161c3   Thumb Code     2  arm_startup_nrf51.o(.text)
    ADC_IRQHandler                           0x000161c5   Thumb Code     0  arm_startup_nrf51.o(.text)
    CCM_AAR_IRQHandler                       0x000161c5   Thumb Code     0  arm_startup_nrf51.o(.text)
    ECB_IRQHandler                           0x000161c5   Thumb Code     0  arm_startup_nrf51.o(.text)
    LPCOMP_IRQHandler                        0x000161c5   Thumb Code     0  arm_startup_nrf51.o(.text)
    POWER_CLOCK_IRQHandler                   0x000161c5   Thumb Code     0  arm_startup_nrf51.o(.text)
    QDEC_IRQHandler                          0x000161c5   Thumb Code     0  arm_startup_nrf51.o(.text)
    RADIO_IRQHandler                         0x000161c5   Thumb Code     0  arm_startup_nrf51.o(.text)
    RNG_IRQHandler                           0x000161c5   Thumb Code     0  arm_startup_nrf51.o(.text)
    RTC0_IRQHandler                          0x000161c5   Thumb Code     0  arm_startup_nrf51.o(.text)
    SPI0_TWI0_IRQHandler                     0x000161c5   Thumb Code     0  arm_startup_nrf51.o(.text)
    SPI1_TWI1_IRQHandler                     0x000161c5   Thumb Code     0  arm_startup_nrf51.o(.text)
    SWI1_IRQHandler                          0x000161c5   Thumb Code     0  arm_startup_nrf51.o(.text)
    SWI3_IRQHandler                          0x000161c5   Thumb Code     0  arm_startup_nrf51.o(.text)
    SWI4_IRQHandler                          0x000161c5   Thumb Code     0  arm_startup_nrf51.o(.text)
    SWI5_IRQHandler                          0x000161c5   Thumb Code     0  arm_startup_nrf51.o(.text)
    TEMP_IRQHandler                          0x000161c5   Thumb Code     0  arm_startup_nrf51.o(.text)
    TIMER0_IRQHandler                        0x000161c5   Thumb Code     0  arm_startup_nrf51.o(.text)
    TIMER1_IRQHandler                        0x000161c5   Thumb Code     0  arm_startup_nrf51.o(.text)
    TIMER2_IRQHandler                        0x000161c5   Thumb Code     0  arm_startup_nrf51.o(.text)
    WDT_IRQHandler                           0x000161c5   Thumb Code     0  arm_startup_nrf51.o(.text)
    __user_initial_stackheap                 0x000161c9   Thumb Code     0  arm_startup_nrf51.o(.text)
    memcmp                                   0x000161f5   Thumb Code    90  memcmp.o(.text)
    strlen                                   0x00016251   Thumb Code    62  strlen.o(.text)
    __aeabi_memcpy                           0x00016295   Thumb Code   130  rt_memcpy.o(.text)
    __rt_memcpy                              0x00016295   Thumb Code     0  rt_memcpy.o(.text)
    __aeabi_memmove4                         0x00016317   Thumb Code    70  rt_memmove.o(.text)
    __aeabi_memmove8                         0x00016317   Thumb Code     0  rt_memmove.o(.text)
    __aeabi_memmove                          0x0001635d   Thumb Code    80  rt_memmove.o(.text)
    __rt_memmove                             0x0001635d   Thumb Code     0  rt_memmove.o(.text)
    _memset_w                                0x000163ad   Thumb Code    26  rt_memclr.o(.text)
    _memset                                  0x000163c7   Thumb Code    30  rt_memclr.o(.text)
    __aeabi_memclr                           0x000163e5   Thumb Code     4  rt_memclr.o(.text)
    __rt_memclr                              0x000163e5   Thumb Code     0  rt_memclr.o(.text)
    __aeabi_memclr4                          0x000163e9   Thumb Code     0  rt_memclr.o(.text)
    __aeabi_memclr8                          0x000163e9   Thumb Code     0  rt_memclr.o(.text)
    __rt_memclr_w                            0x000163e9   Thumb Code     4  rt_memclr.o(.text)
    __aeabi_uidiv                            0x000163ed   Thumb Code     0  aeabi_sdiv.o(.text)
    __aeabi_uidivmod                         0x000163ed   Thumb Code    20  aeabi_sdiv.o(.text)
    __aeabi_idiv                             0x00016401   Thumb Code     0  aeabi_sdiv.o(.text)
    __aeabi_idivmod                          0x00016401   Thumb Code   326  aeabi_sdiv.o(.text)
    __use_two_region_memory                  0x00016547   Thumb Code     2  heapauxi.o(.text)
    __rt_heap_escrow$2region                 0x00016549   Thumb Code     2  heapauxi.o(.text)
    __rt_heap_expand$2region                 0x0001654b   Thumb Code     2  heapauxi.o(.text)
    __user_setup_stackheap                   0x0001654d   Thumb Code    62  sys_stackheap_outer.o(.text)
    exit                                     0x0001658b   Thumb Code    12  exit.o(.text)
    __user_libspace                          0x00016599   Thumb Code     8  libspace.o(.text)
    __user_perproc_libspace                  0x00016599   Thumb Code     0  libspace.o(.text)
    __user_perthread_libspace                0x00016599   Thumb Code     0  libspace.o(.text)
    _sys_exit                                0x000165a1   Thumb Code     8  sys_exit.o(.text)
    __I$use$semihosting                      0x000165ad   Thumb Code     0  use_no_semi.o(.text)
    __use_no_semihosting_swi                 0x000165ad   Thumb Code     2  use_no_semi.o(.text)
    __decompress                             0x000165af   Thumb Code     0  __dczerorl.o(.text)
    __decompress0                            0x000165af   Thumb Code    58  __dczerorl.o(.text)
    __semihosting_library_function           0x000165af   Thumb Code     0  indicate_semi.o(.text)
    GPIOTE_IRQHandler                        0x000165e9   Thumb Code   158  app_gpiote.o(i.GPIOTE_IRQHandler)
    RTC1_IRQHandler                          0x000167c9   Thumb Code    34  app_timer.o(i.RTC1_IRQHandler)
    SWI0_IRQHandler                          0x000167f1   Thumb Code     8  app_timer.o(i.SWI0_IRQHandler)
    SWI2_IRQHandler                          0x000167f9   Thumb Code    50  softdevice_handler.o(i.SWI2_IRQHandler)
    SystemInit                               0x00016831   Thumb Code    38  system_nrf51.o(i.SystemInit)
    UART0_IRQHandler                         0x00016869   Thumb Code   146  app_uart_fifo.o(i.UART0_IRQHandler)
    __ARM_common_switch8                     0x0001690d   Thumb Code    28  bsp.o(i.__ARM_common_switch8)
    action_tx_stop                           0x0001699d   Thumb Code    28  app_uart_fifo.o(i.action_tx_stop)
    app_button_enable                        0x00016cd1   Thumb Code    24  app_button.o(i.app_button_enable)
    app_button_init                          0x00016cf1   Thumb Code   132  app_button.o(i.app_button_init)
    app_error_handler                        0x00016d95   Thumb Code    22  app_error.o(i.app_error_handler)
    app_fifo_get                             0x00016dd1   Thumb Code    36  app_fifo.o(i.app_fifo_get)
    app_fifo_put                             0x00016df5   Thumb Code    38  app_fifo.o(i.app_fifo_put)
    app_gpiote_init                          0x00016e1d   Thumb Code   116  app_gpiote.o(i.app_gpiote_init)
    app_gpiote_pins_state_get                0x00016ead   Thumb Code    52  app_gpiote.o(i.app_gpiote_pins_state_get)
    app_gpiote_user_enable                   0x00016eed   Thumb Code   226  app_gpiote.o(i.app_gpiote_user_enable)
    app_gpiote_user_register                 0x00016fe9   Thumb Code   138  app_gpiote.o(i.app_gpiote_user_register)
    app_timer_create                         0x000170ed   Thumb Code   108  app_timer.o(i.app_timer_create)
    app_timer_init                           0x00017161   Thumb Code   204  app_timer.o(i.app_timer_init)
    app_timer_start                          0x00017251   Thumb Code    98  app_timer.o(i.app_timer_start)
    app_timer_stop                           0x000172bd   Thumb Code    60  app_timer.o(i.app_timer_stop)
    ble_advdata_set                          0x00017629   Thumb Code   122  ble_advdata.o(i.ble_advdata_set)
    ble_bas_battery_level_update             0x000176a5   Thumb Code   118  ble_bas.o(i.ble_bas_battery_level_update)
    ble_bas_init                             0x00017721   Thumb Code    66  ble_bas.o(i.ble_bas_init)
    ble_bas_on_ble_evt                       0x00017769   Thumb Code    58  ble_bas.o(i.ble_bas_on_ble_evt)
    ble_conn_params_init                     0x000177a5   Thumb Code    90  ble_conn_params.o(i.ble_conn_params_init)
    ble_conn_params_on_ble_evt               0x0001781d   Thumb Code    62  ble_conn_params.o(i.ble_conn_params_on_ble_evt)
    ble_dis_init                             0x0001785d   Thumb Code   386  ble_dis.o(i.ble_dis_init)
    ble_hrs_heart_rate_measurement_send      0x00017a41   Thumb Code    94  ble_hrs.o(i.ble_hrs_heart_rate_measurement_send)
    ble_hrs_init                             0x00017aa5   Thumb Code   108  ble_hrs.o(i.ble_hrs_init)
    ble_hrs_on_ble_evt                       0x00017b15   Thumb Code    58  ble_hrs.o(i.ble_hrs_on_ble_evt)
    ble_hrs_rr_interval_add                  0x00017b4f   Thumb Code    60  ble_hrs.o(i.ble_hrs_rr_interval_add)
    ble_hrs_sensor_contact_detected_update   0x00017b8b   Thumb Code     6  ble_hrs.o(i.ble_hrs_sensor_contact_detected_update)
    ble_sensorsim_init                       0x00017b91   Thumb Code    26  ble_sensorsim.o(i.ble_sensorsim_init)
    ble_sensorsim_measure                    0x00017bab   Thumb Code    74  ble_sensorsim.o(i.ble_sensorsim_measure)
    ble_srv_ascii_to_utf8                    0x00017bf5   Thumb Code    18  ble_srv_common.o(i.ble_srv_ascii_to_utf8)
    ble_srv_report_ref_encode                0x00017c07   Thumb Code    62  ble_srv_common.o(i.ble_srv_report_ref_encode)
    bond_data_load                           0x00017d91   Thumb Code    62  device_manager_peripheral.o(i.bond_data_load)
    bsp_button_is_pressed                    0x00017e2d   Thumb Code    46  bsp.o(i.bsp_button_is_pressed)
    bsp_buttons_enable                       0x00017e65   Thumb Code   166  bsp.o(i.bsp_buttons_enable)
    bsp_event_to_button_assign               0x00017f11   Thumb Code    18  bsp.o(i.bsp_event_to_button_assign)
    bsp_indication_set                       0x00017f29   Thumb Code    30  bsp.o(i.bsp_indication_set)
    bsp_init                                 0x00017f4d   Thumb Code   190  bsp.o(i.bsp_init)
    dm_ble_evt_handler                       0x00018f81   Thumb Code  1300  device_manager_peripheral.o(i.dm_ble_evt_handler)
    dm_handle_initialize                     0x000194a9   Thumb Code    24  device_manager_peripheral.o(i.dm_handle_initialize)
    dm_init                                  0x000194c5   Thumb Code   222  device_manager_peripheral.o(i.dm_init)
    dm_register                              0x000197a9   Thumb Code   102  device_manager_peripheral.o(i.dm_register)
    intern_softdevice_events_execute         0x00019df9   Thumb Code   168  softdevice_handler.o(i.intern_softdevice_events_execute)
    main                                     0x0001a1a5   Thumb Code   122  main.o(i.main)
    pstorage_access_status_get               0x0001a8e9   Thumb Code    36  pstorage.o(i.pstorage_access_status_get)
    pstorage_block_identifier_get            0x0001a915   Thumb Code   136  pstorage.o(i.pstorage_block_identifier_get)
    pstorage_clear                           0x0001a9a5   Thumb Code   166  pstorage.o(i.pstorage_clear)
    pstorage_init                            0x0001aa55   Thumb Code   196  pstorage.o(i.pstorage_init)
    pstorage_load                            0x0001ab39   Thumb Code   226  pstorage.o(i.pstorage_load)
    pstorage_register                        0x0001ac25   Thumb Code   362  pstorage.o(i.pstorage_register)
    pstorage_store                           0x0001ada5   Thumb Code   202  pstorage.o(i.pstorage_store)
    pstorage_sys_event_handler               0x0001ae79   Thumb Code   326  pstorage.o(i.pstorage_sys_event_handler)
    pstorage_update                          0x0001afd1   Thumb Code   202  pstorage.o(i.pstorage_update)
    softdevice_assertion_handler             0x0001b531   Thumb Code    18  softdevice_handler.o(i.softdevice_assertion_handler)
    softdevice_ble_evt_handler_set           0x0001b545   Thumb Code    18  softdevice_handler.o(i.softdevice_ble_evt_handler_set)
    softdevice_handler_init                  0x0001b55d   Thumb Code    84  softdevice_handler.o(i.softdevice_handler_init)
    softdevice_sys_evt_handler_set           0x0001b5c5   Thumb Code    18  softdevice_handler.o(i.softdevice_sys_evt_handler_set)
    m_service_context_store                  0x0001c068   Data          16  device_manager_peripheral.o(.constdata)
    m_service_context_load                   0x0001c078   Data          16  device_manager_peripheral.o(.constdata)
    m_service_context_apply                  0x0001c088   Data          16  device_manager_peripheral.o(.constdata)
    m_context_init_len                       0x0001c098   Data           4  device_manager_peripheral.o(.constdata)
    Region$$Table$$Base                      0x0001c09c   Number         0  anon$$obj.o(Region$$Table)
    Region$$Table$$Limit                     0x0001c0bc   Number         0  anon$$obj.o(Region$$Table)
    SystemCoreClock                          0x2000206c   Data           4  system_nrf51.o(.data)
    __libspace_start                         0x200027b4   Data          96  libspace.o(.bss)
    __temporary_stack_top$libspace           0x20002814   Data           0  libspace.o(.bss)



==============================================================================

Memory Map of the image

  Image Entry point : 0x000160c1

  Load Region LR_IROM1 (Base: 0x00016000, Size: 0x00006234, Max: 0x00029000, ABSOLUTE, COMPRESSED[0x000060e4])

    Execution Region ER_IROM1 (Base: 0x00016000, Size: 0x000060bc, Max: 0x00029000, ABSOLUTE)

    Base Addr    Size         Type   Attr      Idx    E Section Name        Object

    0x00016000   0x000000c0   Data   RO          423    RESET               arm_startup_nrf51.o
    0x000160c0   0x00000008   Code   RO         2004  * !!!main             c_p.l(__main.o)
    0x000160c8   0x0000003c   Code   RO         2174    !!!scatter          c_p.l(__scatter.o)
    0x00016104   0x0000001c   Code   RO         2176    !!handler_zi        c_p.l(__scatter_zi.o)
    0x00016120   0x00000002   Code   RO         2042    .ARM.Collect$$libinit$$00000000  c_p.l(libinit.o)
    0x00016122   0x00000000   Code   RO         2056    .ARM.Collect$$libinit$$00000002  c_p.l(libinit2.o)
    0x00016122   0x00000000   Code   RO         2058    .ARM.Collect$$libinit$$00000004  c_p.l(libinit2.o)
    0x00016122   0x00000000   Code   RO         2061    .ARM.Collect$$libinit$$0000000A  c_p.l(libinit2.o)
    0x00016122   0x00000000   Code   RO         2063    .ARM.Collect$$libinit$$0000000C  c_p.l(libinit2.o)
    0x00016122   0x00000000   Code   RO         2065    .ARM.Collect$$libinit$$0000000E  c_p.l(libinit2.o)
    0x00016122   0x00000000   Code   RO         2068    .ARM.Collect$$libinit$$00000011  c_p.l(libinit2.o)
    0x00016122   0x00000000   Code   RO         2070    .ARM.Collect$$libinit$$00000013  c_p.l(libinit2.o)
    0x00016122   0x00000000   Code   RO         2072    .ARM.Collect$$libinit$$00000015  c_p.l(libinit2.o)
    0x00016122   0x00000000   Code   RO         2074    .ARM.Collect$$libinit$$00000017  c_p.l(libinit2.o)
    0x00016122   0x00000000   Code   RO         2076    .ARM.Collect$$libinit$$00000019  c_p.l(libinit2.o)
    0x00016122   0x00000000   Code   RO         2078    .ARM.Collect$$libinit$$0000001B  c_p.l(libinit2.o)
    0x00016122   0x00000000   Code   RO         2080    .ARM.Collect$$libinit$$0000001D  c_p.l(libinit2.o)
    0x00016122   0x00000000   Code   RO         2082    .ARM.Collect$$libinit$$0000001F  c_p.l(libinit2.o)
    0x00016122   0x00000000   Code   RO         2084    .ARM.Collect$$libinit$$00000021  c_p.l(libinit2.o)
    0x00016122   0x00000000   Code   RO         2086    .ARM.Collect$$libinit$$00000023  c_p.l(libinit2.o)
    0x00016122   0x00000000   Code   RO         2088    .ARM.Collect$$libinit$$00000025  c_p.l(libinit2.o)
    0x00016122   0x00000000   Code   RO         2092    .ARM.Collect$$libinit$$0000002C  c_p.l(libinit2.o)
    0x00016122   0x00000000   Code   RO         2094    .ARM.Collect$$libinit$$0000002E  c_p.l(libinit2.o)
    0x00016122   0x00000000   Code   RO         2096    .ARM.Collect$$libinit$$00000030  c_p.l(libinit2.o)
    0x00016122   0x00000000   Code   RO         2098    .ARM.Collect$$libinit$$00000032  c_p.l(libinit2.o)
    0x00016122   0x00000002   Code   RO         2099    .ARM.Collect$$libinit$$00000033  c_p.l(libinit2.o)
    0x00016124   0x00000002   Code   RO         2130    .ARM.Collect$$libshutdown$$00000000  c_p.l(libshutdown.o)
    0x00016126   0x00000000   Code   RO         2157    .ARM.Collect$$libshutdown$$00000003  c_p.l(libshutdown2.o)
    0x00016126   0x00000000   Code   RO         2160    .ARM.Collect$$libshutdown$$00000006  c_p.l(libshutdown2.o)
    0x00016126   0x00000000   Code   RO         2163    .ARM.Collect$$libshutdown$$00000009  c_p.l(libshutdown2.o)
    0x00016126   0x00000000   Code   RO         2165    .ARM.Collect$$libshutdown$$0000000B  c_p.l(libshutdown2.o)
    0x00016126   0x00000000   Code   RO         2168    .ARM.Collect$$libshutdown$$0000000E  c_p.l(libshutdown2.o)
    0x00016126   0x00000002   Code   RO         2169    .ARM.Collect$$libshutdown$$0000000F  c_p.l(libshutdown2.o)
    0x00016128   0x00000000   Code   RO         2006    .ARM.Collect$$rtentry$$00000000  c_p.l(__rtentry.o)
    0x00016128   0x00000000   Code   RO         2012    .ARM.Collect$$rtentry$$00000002  c_p.l(__rtentry2.o)
    0x00016128   0x00000006   Code   RO         2024    .ARM.Collect$$rtentry$$00000004  c_p.l(__rtentry4.o)
    0x0001612e   0x00000000   Code   RO         2014    .ARM.Collect$$rtentry$$00000009  c_p.l(__rtentry2.o)
    0x0001612e   0x00000004   Code   RO         2015    .ARM.Collect$$rtentry$$0000000A  c_p.l(__rtentry2.o)
    0x00016132   0x00000000   Code   RO         2017    .ARM.Collect$$rtentry$$0000000C  c_p.l(__rtentry2.o)
    0x00016132   0x00000008   Code   RO         2018    .ARM.Collect$$rtentry$$0000000D  c_p.l(__rtentry2.o)
    0x0001613a   0x00000002   Code   RO         2047    .ARM.Collect$$rtexit$$00000000  c_p.l(rtexit.o)
    0x0001613c   0x00000000   Code   RO         2103    .ARM.Collect$$rtexit$$00000002  c_p.l(rtexit2.o)
    0x0001613c   0x00000004   Code   RO         2104    .ARM.Collect$$rtexit$$00000003  c_p.l(rtexit2.o)
    0x00016140   0x00000006   Code   RO         2105    .ARM.Collect$$rtexit$$00000004  c_p.l(rtexit2.o)
    0x00016146   0x00000002   PAD
    0x00016148   0x0000001e   Code   RO         1635    .emb_text           app_timer.o
    0x00016166   0x00000002   PAD
    0x00016168   0x00000038   Code   RO         1990    .emb_text           c_p.l(rt_memcpy.o)
    0x000161a0   0x00000054   Code   RO          424    .text               arm_startup_nrf51.o
    0x000161f4   0x0000005a   Code   RO         1986    .text               c_p.l(memcmp.o)
    0x0001624e   0x00000002   PAD
    0x00016250   0x00000044   Code   RO         1988    .text               c_p.l(strlen.o)
    0x00016294   0x00000082   Code   RO         1991    .text               c_p.l(rt_memcpy.o)
    0x00016316   0x00000096   Code   RO         1994    .text               c_p.l(rt_memmove.o)
    0x000163ac   0x00000040   Code   RO         1996    .text               c_p.l(rt_memclr.o)
    0x000163ec   0x0000015a   Code   RO         1998    .text               c_p.l(aeabi_sdiv.o)
    0x00016546   0x00000006   Code   RO         2002    .text               c_p.l(heapauxi.o)
    0x0001654c   0x0000003e   Code   RO         2028    .text               c_p.l(sys_stackheap_outer.o)
    0x0001658a   0x0000000c   Code   RO         2031    .text               c_p.l(exit.o)
    0x00016596   0x00000002   PAD
    0x00016598   0x00000008   Code   RO         2043    .text               c_p.l(libspace.o)
    0x000165a0   0x0000000c   Code   RO         2100    .text               c_p.l(sys_exit.o)
    0x000165ac   0x00000002   Code   RO         2119    .text               c_p.l(use_no_semi.o)
    0x000165ae   0x00000000   Code   RO         2121    .text               c_p.l(indicate_semi.o)
    0x000165ae   0x0000003a   Code   RO         2172    .text               c_p.l(__dczerorl.o)
    0x000165e8   0x000000b4   Code   RO         1513    i.GPIOTE_IRQHandler  app_gpiote.o
    0x0001669c   0x00000014   Code   RO         1636    i.NVIC_ClearPendingIRQ  app_timer.o
    0x000166b0   0x00000014   Code   RO         1637    i.NVIC_EnableIRQ    app_timer.o
    0x000166c4   0x00000014   Code   RO         1638    i.NVIC_SetPendingIRQ  app_timer.o
    0x000166d8   0x00000078   Code   RO         1514    i.NVIC_SetPriority  app_gpiote.o
    0x00016750   0x00000078   Code   RO         1639    i.NVIC_SetPriority  app_timer.o
    0x000167c8   0x00000028   Code   RO         1640    i.RTC1_IRQHandler   app_timer.o
    0x000167f0   0x00000008   Code   RO         1641    i.SWI0_IRQHandler   app_timer.o
    0x000167f8   0x00000038   Code   RO         1928    i.SWI2_IRQHandler   softdevice_handler.o
    0x00016830   0x00000038   Code   RO          431    i.SystemInit        system_nrf51.o
    0x00016868   0x000000a4   Code   RO         1102    i.UART0_IRQHandler  app_uart_fifo.o
    0x0001690c   0x0000001c   Code   RO          406    i.__ARM_common_switch8  bsp.o
    0x00016928   0x00000020   Code   RO         1103    i.action_tx_ready   app_uart_fifo.o
    0x00016948   0x00000054   Code   RO         1104    i.action_tx_send    app_uart_fifo.o
    0x0001699c   0x00000028   Code   RO         1105    i.action_tx_stop    app_uart_fifo.o
    0x000169c4   0x00000024   Code   RO         1106    i.action_uart_deactivate  app_uart_fifo.o
    0x000169e8   0x0000012e   Code   RO          470    i.adv_data_encode   ble_advdata.o
    0x00016b16   0x00000022   Code   RO          471    i.advdata_check     ble_advdata.o
    0x00016b38   0x0000007c   Code   RO            3    i.advertising_init  main.o
    0x00016bb4   0x0000007c   Code   RO            4    i.advertising_init_beacon  main.o
    0x00016c30   0x0000007c   Code   RO            5    i.advertising_start  main.o
    0x00016cac   0x00000024   Code   RO          332    i.alert_timer_handler  bsp.o
    0x00016cd0   0x00000020   Code   RO         1400    i.app_button_enable  app_button.o
    0x00016cf0   0x000000a4   Code   RO         1401    i.app_button_init   app_button.o
    0x00016d94   0x00000020   Code   RO         1460    i.app_error_handler  app_error.o
    0x00016db4   0x0000001c   Code   RO          663    i.app_evt_notify    device_manager_peripheral.o
    0x00016dd0   0x00000024   Code   RO         1482    i.app_fifo_get      app_fifo.o
    0x00016df4   0x00000026   Code   RO         1484    i.app_fifo_put      app_fifo.o
    0x00016e1a   0x00000002   PAD
    0x00016e1c   0x00000090   Code   RO         1515    i.app_gpiote_init   app_gpiote.o
    0x00016eac   0x00000040   Code   RO         1516    i.app_gpiote_pins_state_get  app_gpiote.o
    0x00016eec   0x000000fc   Code   RO         1518    i.app_gpiote_user_enable  app_gpiote.o
    0x00016fe8   0x00000098   Code   RO         1519    i.app_gpiote_user_register  app_gpiote.o
    0x00017080   0x0000006c   Code   RO         1282    i.app_notify        pstorage.o
    0x000170ec   0x00000074   Code   RO         1644    i.app_timer_create  app_timer.o
    0x00017160   0x000000f0   Code   RO         1645    i.app_timer_init    app_timer.o
    0x00017250   0x0000006c   Code   RO         1646    i.app_timer_start   app_timer.o
    0x000172bc   0x00000044   Code   RO         1647    i.app_timer_stop    app_timer.o
    0x00017300   0x0000004a   Code   RO          472    i.appearance_encode  ble_advdata.o
    0x0001734a   0x00000002   PAD
    0x0001734c   0x000000b8   Code   RO            6    i.application_timers_start  main.o
    0x00017404   0x000001c8   Code   RO          915    i.battery_level_char_add  ble_bas.o
    0x000175cc   0x0000000a   Code   RO            8    i.battery_level_meas_timeout_handler  main.o
    0x000175d6   0x00000002   PAD
    0x000175d8   0x00000050   Code   RO            9    i.battery_level_update  main.o
    0x00017628   0x0000007a   Code   RO          473    i.ble_advdata_set   ble_advdata.o
    0x000176a2   0x00000002   PAD
    0x000176a4   0x0000007c   Code   RO          916    i.ble_bas_battery_level_update  ble_bas.o
    0x00017720   0x00000048   Code   RO          917    i.ble_bas_init      ble_bas.o
    0x00017768   0x0000003a   Code   RO          918    i.ble_bas_on_ble_evt  ble_bas.o
    0x000177a2   0x00000002   PAD
    0x000177a4   0x00000078   Code   RO          562    i.ble_conn_params_init  ble_conn_params.o
    0x0001781c   0x0000003e   Code   RO          563    i.ble_conn_params_on_ble_evt  ble_conn_params.o
    0x0001785a   0x00000002   PAD
    0x0001785c   0x000001b4   Code   RO          962    i.ble_dis_init      ble_dis.o
    0x00017a10   0x00000030   Code   RO           10    i.ble_evt_dispatch  main.o
    0x00017a40   0x00000064   Code   RO         1000    i.ble_hrs_heart_rate_measurement_send  ble_hrs.o
    0x00017aa4   0x00000070   Code   RO         1001    i.ble_hrs_init      ble_hrs.o
    0x00017b14   0x0000003a   Code   RO         1002    i.ble_hrs_on_ble_evt  ble_hrs.o
    0x00017b4e   0x0000003c   Code   RO         1003    i.ble_hrs_rr_interval_add  ble_hrs.o
    0x00017b8a   0x00000006   Code   RO         1005    i.ble_hrs_sensor_contact_detected_update  ble_hrs.o
    0x00017b90   0x0000001a   Code   RO         1869    i.ble_sensorsim_init  ble_sensorsim.o
    0x00017baa   0x0000004a   Code   RO         1870    i.ble_sensorsim_measure  ble_sensorsim.o
    0x00017bf4   0x00000012   Code   RO          645    i.ble_srv_ascii_to_utf8  ble_srv_common.o
    0x00017c06   0x0000003e   Code   RO          646    i.ble_srv_report_ref_encode  ble_srv_common.o
    0x00017c44   0x000000a0   Code   RO           11    i.ble_stack_init    main.o
    0x00017ce4   0x000000ac   Code   RO         1007    i.body_sensor_location_char_add  ble_hrs.o
    0x00017d90   0x00000050   Code   RO          664    i.bond_data_load    device_manager_peripheral.o
    0x00017de0   0x0000004c   Code   RO          333    i.bsp_button_event_handler  bsp.o
    0x00017e2c   0x00000038   Code   RO          334    i.bsp_button_is_pressed  bsp.o
    0x00017e64   0x000000ac   Code   RO          335    i.bsp_buttons_enable  bsp.o
    0x00017f10   0x00000018   Code   RO          337    i.bsp_event_to_button_assign  bsp.o
    0x00017f28   0x00000024   Code   RO          338    i.bsp_indication_set  bsp.o
    0x00017f4c   0x000000e4   Code   RO          340    i.bsp_init          bsp.o
    0x00018030   0x000004ec   Code   RO          341    i.bsp_led_indication  bsp.o
    0x0001851c   0x00000058   Code   RO         1403    i.button_handler_execute  app_button.o
    0x00018574   0x000000f0   Code   RO          963    i.char_add          ble_dis.o
    0x00018664   0x00000174   Code   RO         1283    i.cmd_process       pstorage.o
    0x000187d8   0x00000024   Code   RO         1284    i.cmd_queue_dequeue  pstorage.o
    0x000187fc   0x0000003c   Code   RO         1285    i.cmd_queue_element_init  pstorage.o
    0x00018838   0x00000090   Code   RO         1286    i.cmd_queue_enqueue  pstorage.o
    0x000188c8   0x00000034   Code   RO         1287    i.cmd_queue_init    pstorage.o
    0x000188fc   0x00000090   Code   RO         1649    i.compare_reg_update  app_timer.o
    0x0001898c   0x0000005c   Code   RO          474    i.conn_int_check    ble_advdata.o
    0x000189e8   0x0000005c   Code   RO          475    i.conn_int_encode   ble_advdata.o
    0x00018a44   0x00000014   Code   RO           12    i.conn_params_error_handler  main.o
    0x00018a58   0x00000068   Code   RO           13    i.conn_params_init  main.o
    0x00018ac0   0x00000094   Code   RO          565    i.conn_params_negotiation  ble_conn_params.o
    0x00018b54   0x00000048   Code   RO          665    i.connection_instance_find  device_manager_peripheral.o
    0x00018b9c   0x00000038   Code   RO          666    i.connection_instance_init  device_manager_peripheral.o
    0x00018bd4   0x0000005c   Code   RO         1650    i.current_int_priority_get  app_timer.o
    0x00018c30   0x000000a0   Code   RO         1404    i.detection_delay_timeout_handler  app_button.o
    0x00018cd0   0x000000d0   Code   RO          667    i.device_context_store  device_manager_peripheral.o
    0x00018da0   0x0000007c   Code   RO          668    i.device_instance_allocate  device_manager_peripheral.o
    0x00018e1c   0x00000058   Code   RO          669    i.device_instance_find  device_manager_peripheral.o
    0x00018e74   0x00000028   Code   RO           14    i.device_manager_evt_handler  main.o
    0x00018e9c   0x000000e4   Code   RO           15    i.device_manager_init  main.o
    0x00018f80   0x00000528   Code   RO          675    i.dm_ble_evt_handler  device_manager_peripheral.o
    0x000194a8   0x0000001c   Code   RO          680    i.dm_handle_initialize  device_manager_peripheral.o
    0x000194c4   0x00000100   Code   RO          681    i.dm_init           device_manager_peripheral.o
    0x000195c4   0x000001e4   Code   RO          684    i.dm_pstorage_cb_handler  device_manager_peripheral.o
    0x000197a8   0x00000074   Code   RO          685    i.dm_register       device_manager_peripheral.o
    0x0001981c   0x00000064   Code   RO         1651    i.elapsed_ticks_acquire  app_timer.o
    0x00019880   0x0000006c   Code   RO         1652    i.expired_timers_handler  app_timer.o
    0x000198ec   0x000000ac   Code   RO           16    i.gap_params_init   main.o
    0x00019998   0x00000006   Code   RO          692    i.gattc_context_apply  device_manager_peripheral.o
    0x0001999e   0x00000006   Code   RO          693    i.gattc_context_load  device_manager_peripheral.o
    0x000199a4   0x00000006   Code   RO          694    i.gattc_context_store  device_manager_peripheral.o
    0x000199aa   0x00000002   PAD
    0x000199ac   0x00000080   Code   RO          695    i.gatts_context_apply  device_manager_peripheral.o
    0x00019a2c   0x00000044   Code   RO          696    i.gatts_context_load  device_manager_peripheral.o
    0x00019a70   0x000000c8   Code   RO          697    i.gatts_context_store  device_manager_peripheral.o
    0x00019b38   0x0000001a   Code   RO          698    i.gattsc_context_apply  device_manager_peripheral.o
    0x00019b52   0x0000001e   Code   RO          699    i.gattsc_context_load  device_manager_peripheral.o
    0x00019b70   0x0000001e   Code   RO          700    i.gattsc_context_store  device_manager_peripheral.o
    0x00019b8e   0x00000002   PAD
    0x00019b90   0x00000040   Code   RO         1405    i.gpiote_event_handler  app_button.o
    0x00019bd0   0x0000007c   Code   RO           17    i.heart_rate_meas_timeout_handler  main.o
    0x00019c4c   0x000000f0   Code   RO         1008    i.heart_rate_measurement_char_add  ble_hrs.o
    0x00019d3c   0x000000ba   Code   RO         1009    i.hrm_encode        ble_hrs.o
    0x00019df6   0x00000002   PAD
    0x00019df8   0x000000bc   Code   RO         1929    i.intern_softdevice_events_execute  softdevice_handler.o
    0x00019eb4   0x00000024   Code   RO          566    i.is_conn_params_ok  ble_conn_params.o
    0x00019ed8   0x00000038   Code   RO          432    i.is_disabled_in_debug_needed  system_nrf51.o
    0x00019f10   0x0000006c   Code   RO          433    i.is_manual_peripheral_setup_needed  system_nrf51.o
    0x00019f7c   0x00000012   Code   RO         1288    i.is_word_aligned   pstorage.o
    0x00019f8e   0x00000002   PAD
    0x00019f90   0x00000024   Code   RO          342    i.leds_timer_handler  bsp.o
    0x00019fb4   0x000000c0   Code   RO         1653    i.list_deletions_handler  app_timer.o
    0x0001a074   0x00000130   Code   RO         1654    i.list_insertions_handler  app_timer.o
    0x0001a1a4   0x00000084   Code   RO           18    i.main              main.o
    0x0001a228   0x0000006a   Code   RO          476    i.manuf_specific_data_encode  ble_advdata.o
    0x0001a292   0x00000096   Code   RO          477    i.name_encode       ble_advdata.o
    0x0001a328   0x00000006   Code   RO          701    i.no_service_context_apply  device_manager_peripheral.o
    0x0001a32e   0x00000006   Code   RO          702    i.no_service_context_load  device_manager_peripheral.o
    0x0001a334   0x00000006   Code   RO          703    i.no_service_context_store  device_manager_peripheral.o
    0x0001a33a   0x00000002   PAD
    0x0001a33c   0x00000118   Code   RO           19    i.on_ble_evt        main.o
    0x0001a454   0x00000034   Code   RO           20    i.on_conn_params_evt  main.o
    0x0001a488   0x00000018   Code   RO          567    i.on_conn_params_update  ble_conn_params.o
    0x0001a4a0   0x0000003c   Code   RO          568    i.on_connect        ble_conn_params.o
    0x0001a4dc   0x00000006   Code   RO          919    i.on_connect        ble_bas.o
    0x0001a4e2   0x00000006   Code   RO         1010    i.on_connect        ble_hrs.o
    0x0001a4e8   0x00000028   Code   RO         1115    i.on_cts_high       app_uart_fifo.o
    0x0001a510   0x00000054   Code   RO         1116    i.on_cts_low        app_uart_fifo.o
    0x0001a564   0x00000044   Code   RO          569    i.on_disconnect     ble_conn_params.o
    0x0001a5a8   0x00000008   Code   RO          920    i.on_disconnect     ble_bas.o
    0x0001a5b0   0x00000008   Code   RO         1011    i.on_disconnect     ble_hrs.o
    0x0001a5b8   0x0000003e   Code   RO         1012    i.on_hrm_cccd_write  ble_hrs.o
    0x0001a5f6   0x00000002   PAD
    0x0001a5f8   0x00000030   Code   RO           21    i.on_sys_evt        main.o
    0x0001a628   0x0000002c   Code   RO         1117    i.on_tx_ready       app_uart_fifo.o
    0x0001a654   0x00000008   Code   RO         1118    i.on_uart_close     app_uart_fifo.o
    0x0001a65c   0x00000036   Code   RO         1119    i.on_uart_event     app_uart_fifo.o
    0x0001a692   0x00000002   PAD
    0x0001a694   0x00000014   Code   RO         1120    i.on_uart_put       app_uart_fifo.o
    0x0001a6a8   0x0000005c   Code   RO          570    i.on_write          ble_conn_params.o
    0x0001a704   0x00000050   Code   RO          921    i.on_write          ble_bas.o
    0x0001a754   0x0000001a   Code   RO         1013    i.on_write          ble_hrs.o
    0x0001a76e   0x00000002   PAD
    0x0001a770   0x00000050   Code   RO          704    i.peer_instance_init  device_manager_peripheral.o
    0x0001a7c0   0x00000068   Code   RO         1520    i.pins_sense_disable  app_gpiote.o
    0x0001a828   0x0000009e   Code   RO          964    i.pnp_id_encode     ble_dis.o
    0x0001a8c6   0x00000020   Code   RO           22    i.power_manage      main.o
    0x0001a8e6   0x00000002   PAD
    0x0001a8e8   0x0000002c   Code   RO         1289    i.pstorage_access_status_get  pstorage.o
    0x0001a914   0x00000090   Code   RO         1290    i.pstorage_block_identifier_get  pstorage.o
    0x0001a9a4   0x000000b0   Code   RO         1291    i.pstorage_clear    pstorage.o
    0x0001aa54   0x000000e4   Code   RO         1292    i.pstorage_init     pstorage.o
    0x0001ab38   0x000000ec   Code   RO         1293    i.pstorage_load     pstorage.o
    0x0001ac24   0x00000180   Code   RO         1294    i.pstorage_register  pstorage.o
    0x0001ada4   0x000000d4   Code   RO         1295    i.pstorage_store    pstorage.o
    0x0001ae78   0x00000158   Code   RO         1296    i.pstorage_sys_event_handler  pstorage.o
    0x0001afd0   0x000000d4   Code   RO         1297    i.pstorage_update   pstorage.o
    0x0001b0a4   0x00000034   Code   RO           23    i.rr_interval_timeout_handler  main.o
    0x0001b0d8   0x0000000c   Code   RO         1655    i.rtc1_counter_get  app_timer.o
    0x0001b0e4   0x00000018   Code   RO         1656    i.rtc1_init         app_timer.o
    0x0001b0fc   0x0000003c   Code   RO         1657    i.rtc1_start        app_timer.o
    0x0001b138   0x00000058   Code   RO         1658    i.rtc1_stop         app_timer.o
    0x0001b190   0x00000080   Code   RO         1521    i.sense_level_toggle  app_gpiote.o
    0x0001b210   0x00000024   Code   RO           24    i.sensor_contact_detected_timeout_handler  main.o
    0x0001b234   0x00000068   Code   RO           25    i.sensor_sim_init   main.o
    0x0001b29c   0x0000008c   Code   RO          478    i.service_data_encode  ble_advdata.o
    0x0001b328   0x00000208   Code   RO           26    i.services_init     main.o
    0x0001b530   0x00000012   Code   RO         1930    i.softdevice_assertion_handler  softdevice_handler.o
    0x0001b542   0x00000002   PAD
    0x0001b544   0x00000018   Code   RO         1931    i.softdevice_ble_evt_handler_set  softdevice_handler.o
    0x0001b55c   0x00000068   Code   RO         1932    i.softdevice_handler_init  softdevice_handler.o
    0x0001b5c4   0x00000018   Code   RO         1934    i.softdevice_sys_evt_handler_set  softdevice_handler.o
    0x0001b5dc   0x00000010   Code   RO          479    i.srdata_check      ble_advdata.o
    0x0001b5ec   0x00000008   Code   RO          705    i.storage_operation_dummy_handler  device_manager_peripheral.o
    0x0001b5f4   0x0000024c   Code   RO         1298    i.swap_state_process  pstorage.o
    0x0001b840   0x00000012   Code   RO           27    i.sys_evt_dispatch  main.o
    0x0001b852   0x000000a4   Code   RO          965    i.sys_id_encode     ble_dis.o
    0x0001b8f6   0x0000000a   Code   RO         1659    i.ticks_diff_get    app_timer.o
    0x0001b900   0x00000040   Code   RO         1660    i.timeout_handler_exec  app_timer.o
    0x0001b940   0x00000058   Code   RO         1661    i.timer_list_handler  app_timer.o
    0x0001b998   0x0000000a   Code   RO         1662    i.timer_list_handler_sched  app_timer.o
    0x0001b9a2   0x00000002   PAD
    0x0001b9a4   0x000000dc   Code   RO         1663    i.timer_list_insert  app_timer.o
    0x0001ba80   0x000000cc   Code   RO         1664    i.timer_list_remove  app_timer.o
    0x0001bb4c   0x00000054   Code   RO         1665    i.timer_start_op_schedule  app_timer.o
    0x0001bba0   0x00000040   Code   RO         1667    i.timer_stop_op_schedule  app_timer.o
    0x0001bbe0   0x0000009c   Code   RO         1668    i.timer_timeouts_check  app_timer.o
    0x0001bc7c   0x0000000a   Code   RO         1669    i.timer_timeouts_check_sched  app_timer.o
    0x0001bc86   0x00000002   PAD
    0x0001bc88   0x000000e4   Code   RO           28    i.timers_init       main.o
    0x0001bd6c   0x00000030   Code   RO          480    i.tx_power_level_encode  ble_advdata.o
    0x0001bd9c   0x00000012   Code   RO          481    i.uint16_encode     ble_advdata.o
    0x0001bdae   0x00000012   Code   RO          966    i.uint16_encode     ble_dis.o
    0x0001bdc0   0x00000012   Code   RO         1014    i.uint16_encode     ble_hrs.o
    0x0001bdd2   0x00000052   Code   RO          482    i.uint8_array_encode  ble_advdata.o
    0x0001be24   0x00000014   Code   RO          706    i.update_status_bit_reset  device_manager_peripheral.o
    0x0001be38   0x0000009c   Code   RO          571    i.update_timeout_handler  ble_conn_params.o
    0x0001bed4   0x00000022   Code   RO         1670    i.user_id_get       app_timer.o
    0x0001bef6   0x0000002c   Code   RO         1671    i.user_op_alloc     app_timer.o
    0x0001bf22   0x00000004   Code   RO         1672    i.user_op_enque     app_timer.o
    0x0001bf26   0x00000040   Code   RO          483    i.uuid_list_encode  ble_advdata.o
    0x0001bf66   0x000000c4   Code   RO          484    i.uuid_list_sized_encode  ble_advdata.o
    0x0001c02a   0x00000002   PAD
    0x0001c02c   0x0000000c   Data   RO           30    .constdata          main.o
    0x0001c038   0x00000030   Data   RO          343    .constdata          bsp.o
    0x0001c068   0x00000034   Data   RO          708    .constdata          device_manager_peripheral.o
    0x0001c09c   0x00000020   Data   RO         2170    Region$$Table       anon$$obj.o


    Execution Region RW_IRAM1 (Base: 0x20002000, Size: 0x00001818, Max: 0x00006000, ABSOLUTE, COMPRESSED[0x00000028])

    Base Addr    Size         Type   Attr      Idx    E Section Name        Object

    0x20002000   0x0000004d   Data   RW           31    .data               main.o
    0x2000204d   0x00000003   PAD
    0x20002050   0x0000001c   Data   RW          344    .data               bsp.o
    0x2000206c   0x00000004   Data   RW          434    .data               system_nrf51.o
    0x20002070   0x00000019   Data   RW          573    .data               ble_conn_params.o
    0x20002089   0x00000003   PAD
    0x2000208c   0x00000014   Data   RW          709    .data               device_manager_peripheral.o
    0x200020a0   0x0000004a   Data   RW          967    .data               ble_dis.o
    0x200020ea   0x00000002   PAD
    0x200020ec   0x0000000d   Data   RW         1124    .data               app_uart_fifo.o
    0x200020f9   0x00000003   PAD
    0x200020fc   0x0000000c   Data   RW         1300    .data               pstorage.o
    0x20002108   0x00000020   Data   RW         1406    .data               app_button.o
    0x20002128   0x0000000c   Data   RW         1522    .data               app_gpiote.o
    0x20002134   0x0000002a   Data   RW         1673    .data               app_timer.o
    0x2000215e   0x00000002   PAD
    0x20002160   0x00000018   Data   RW         1935    .data               softdevice_handler.o
    0x20002178   0x00000418   Zero   RW           29    .bss                main.o
    0x20002590   0x0000001c   Zero   RW          572    .bss                ble_conn_params.o
    0x200025ac   0x0000010c   Zero   RW          707    .bss                device_manager_peripheral.o
    0x200026b8   0x00000020   Zero   RW         1123    .bss                app_uart_fifo.o
    0x200026d8   0x000000dc   Zero   RW         1299    .bss                pstorage.o
    0x200027b4   0x00000060   Zero   RW         2044    .bss                c_p.l(libspace.o)
    0x20002814   0x00000004   PAD
    0x20002818   0x00000800   Zero   RW          422    HEAP                arm_startup_nrf51.o
    0x20003018   0x00000800   Zero   RW          421    STACK               arm_startup_nrf51.o


==============================================================================

Image component sizes


      Code (inc. data)   RO Data    RW Data    ZI Data      Debug   Object Name

       508         74          0         32          0       9242   app_button.o
        32         10          0          0          0       6840   app_error.o
        74          0          0          0          0       1958   app_fifo.o
      1144        118          0         12          0       8058   app_gpiote.o
         0          0          0          0          0       1520   app_scheduler.o
      2906        320          0         42          0      32835   app_timer.o
       606        108          0         13         32      16208   app_uart_fifo.o
        84         36        192          0       4096        756   arm_startup_nrf51.o
      1536          4          0          0          0      15858   ble_advdata.o
       804         20          0          0          0       7747   ble_bas.o
       766        126          0         25         28      15164   ble_conn_params.o
      1016         54          0         74          0       5831   ble_dis.o
      1054         22          0          0          0      14033   ble_hrs.o
       100          0          0          0          0       1829   ble_sensorsim.o
        80          0          0          0          0       2076   ble_srv_common.o
      1952        152         48         28          0      10530   bsp.o
      3486        262         52         20        268      27765   device_manager_peripheral.o
      3044        314         12         77       1048     101731   main.o
      3358        196          0         12        220      18682   pstorage.o
       414         58          0         24          0       6464   softdevice_handler.o
       220         26          0          4          0       2095   system_nrf51.o

    ----------------------------------------------------------------------
     23224       1900        336        376       5692     307222   Object Totals
         0          0         32          0          0          0   (incl. Generated)
        40          0          0         13          0          0   (incl. Padding)

    ----------------------------------------------------------------------

      Code (inc. data)   RO Data    RW Data    ZI Data      Debug   Library Member Name

        58          0          0          0          0          0   __dczerorl.o
         8          0          0          0          0         68   __main.o
         0          0          0          0          0          0   __rtentry.o
        12          0          0          0          0          0   __rtentry2.o
         6          0          0          0          0          0   __rtentry4.o
        60          8          0          0          0          0   __scatter.o
        28          0          0          0          0          0   __scatter_zi.o
       346          0          0          0          0         92   aeabi_sdiv.o
        12          0          0          0          0         64   exit.o
         6          0          0          0          0        136   heapauxi.o
         0          0          0          0          0          0   indicate_semi.o
         2          0          0          0          0          0   libinit.o
         2          0          0          0          0          0   libinit2.o
         2          0          0          0          0          0   libshutdown.o
         2          0          0          0          0          0   libshutdown2.o
         8          4          0          0         96         68   libspace.o
        90          0          0          0          0         68   memcmp.o
        64          0          0          0          0        108   rt_memclr.o
       186          0          0          0          0        144   rt_memcpy.o
       150          0          0          0          0        104   rt_memmove.o
         2          0          0          0          0          0   rtexit.o
        10          0          0          0          0          0   rtexit2.o
        68          6          0          0          0         72   strlen.o
        12          4          0          0          0         60   sys_exit.o
        62          0          0          0          0         80   sys_stackheap_outer.o
         2          0          0          0          0         68   use_no_semi.o

    ----------------------------------------------------------------------
      1204         22          0          0        100       1132   Library Totals
         6          0          0          0          4          0   (incl. Padding)

    ----------------------------------------------------------------------

      Code (inc. data)   RO Data    RW Data    ZI Data      Debug   Library Name

      1198         22          0          0         96       1132   c_p.l

    ----------------------------------------------------------------------
      1204         22          0          0        100       1132   Library Totals

    ----------------------------------------------------------------------

==============================================================================


      Code (inc. data)   RO Data    RW Data    ZI Data      Debug   

     24428       1922        336        376       5792     299134   Grand Totals
     24428       1922        336         40       5792     299134   ELF Image Totals (compressed)
     24428       1922        336         40          0          0   ROM Totals

==============================================================================

    Total RO  Size (Code + RO Data)                24764 (  24.18kB)
    Total RW  Size (RW Data + ZI Data)              6168 (   6.02kB)
    Total ROM Size (Code + RO Data + RW Data)      24804 (  24.22kB)

==============================================================================

